"<button phx-value-is-selected=\"true\" class=\"bg-transparent cursor-pointer flex focus:outline-none focus:shadow-focus gap-2 hover:bg-heles items-center justify-between p-2 rounded-moon-i-sm text-moon-14 transition w-full\">\n<span class=\"block grow text-start text-bulma overflow-hidden\">\n<span class=\"block text-bulma text-moon-14\">title</span>\n<span class=\"flex text-trunks text-moon-12\">\n<span class=\"flex-1 truncate\">some description here</span>\n</span>\n</span>\n</button>"