"<button phx-value-is-selected=\"true\" class=\"flex p-2 bg-transparent cursor-pointer transition items-center justify-between rounded-moon-i-sm gap-2 text-moon-14 w-full focus:outline-none focus:shadow-focus hover:bg-heles\">\n<span class=\"block grow text-start text-bulma overflow-hidden\">\n<span class=\"block text-bulma text-moon-14\">title</span>\n<span class=\"flex text-trunks text-moon-12\">\n<span class=\"flex-1 truncate\">some description here</span>\n</span>\n</span>\n</button>"