"<button phx-value-is-selected=\"true\" class=\"bg-transparent cursor-pointer focus:outline-none focus:shadow-focus gap-2 hover:bg-heles items-center justify-between p-2 flex rounded-moon-i-sm text-moon-14 transition w-full\" role=\"checkbox\">\n<span class=\"flex w-6 h-6 justify-center items-center\">\n<div class=\"z-0 left-0 rounded-sm w-4 h-4 inline-block border border-trunks\">\n</div>\n</span>\n</button>"