"<button phx-value-is-selected=\"true\" class=\"flex p-2 bg-transparent cursor-pointer transition items-center justify-between rounded-moon-i-sm gap-2 text-moon-14 w-full focus:outline-none focus:shadow-focus hover:bg-heles\" role=\"checkbox\">\n<span aria-hidden=\"true\" aria-checked=\"false\" class=\"flex shadow-trunks text-goten cursor-pointer transition-colors items-center justify-center rounded-moon-s-xs text-moon-16 w-4 h-4 moon-checked:bg-piccolo moon-checked:shadow-none shadow-[0_0_0_1px_inset]\">\n<svg xmlns=\"http://www.w3.org/2000/svg\" width=\"16\" height=\"16\" viewBox=\"0 0 16 16\" fill=\"none\" class=\"transition-opacity opacity-0\">\n<path d=\"M3.5 7.47059L6.83333 11L12.5 5\" stroke=\"currentColor\" stroke-width=\"1.5\" stroke-linecap=\"round\" stroke-linejoin=\"round\"></path>\n</svg>\n</span>\n</button>"