"<button phx-value-is-selected=\"true\" class=\"cursor-pointer focus:outline-none focus:shadow-focus gap-2 hover:bg-heles items-center justify-between p-2 bg-transparent flex rounded-moon-i-sm text-moon-14 transition w-full\" role=\"switch\">\n<span>\n<svg class=\"moon-icon transition-transform transition-200\">\n<use href=\"/moon_icons/svgs/icons_new/controls-chevron-down.svg#item\"></use>\n</svg>\n</span>\n</button>"