"<button phx-value-is-selected=\"false\" class=\"flex p-2 bg-heles cursor-pointer transition items-center justify-between rounded-moon-i-sm gap-2 text-moon-14 w-full focus:outline-none focus:shadow-focus hover:bg-heles\" role=\"switch\">\n<svg class=\"transition-transform rotate-180 fill-none moon-icon transition-200\">\n<use href=\"/moon_icons/svgs/icons_new/controls-chevron-down.svg#item\"></use>\n</svg>\n</button>"