"<button phx-value-is-selected=\"false\" class=\"bg-heles cursor-pointer flex focus:outline-none focus:shadow-focus gap-2 hover:bg-heles items-center justify-between p-2 rounded-moon-i-sm text-moon-14 transition w-full\" role=\"radio\">\n<span class=\"flex w-6 h-6 justify-center items-center\">\n<span class=\"block relative w-4 h-4 rounded-full shadow-[0_0_0_1px_inset] shadow-piccolo\">\n<span class=\"scale h-2 w-2 rounded-full absolute top-1/2 left-1/2 translate-x-[-50%] translate-y-[-50%] bg-piccolo transition-transform\"></span>\n</span>\n</span>\n</button>"