"<button phx-value-is-selected=\"true\" class=\"bg-transparent cursor-pointer focus:outline-none focus:shadow-focus gap-2 hover:bg-heles items-center justify-between p-2 flex rounded-moon-i-sm text-moon-14 transition w-full\" role=\"radio\">\n<span class=\"flex w-6 h-6 justify-center items-center\">\n<span class=\"h-4 block relative rounded-full shadow-trunks w-4 shadow-[0_0_0_1px_inset]\">\n<span class=\"scale-0 h-2 w-2 rounded-full absolute top-1/2 left-1/2 translate-x-[-50%] translate-y-[-50%] bg-piccolo transition-transform\"></span>\n</span>\n</span>\n</button>"