"<button phx-value-is-selected=\"false\" class=\"flex gap-2 justify-between items-center p-2 bg-transparent rounded-moon-i-sm text-moon-14 focus:outline-none focus:shadow-focus cursor-pointer hover:bg-heles transition w-full bg-heles\" role=\"radio\">\n<span class=\"flex w-6 h-6 justify-center items-center\">\n<span class=\"block h-4 relative rounded-full shadow-piccolo w-4 shadow-[0_0_0_1px_inset]\">\n<span class=\"scale h-2 w-2 rounded-full absolute top-1/2 left-1/2 translate-x-[-50%] translate-y-[-50%] bg-piccolo transition-transform\"></span>\n</span>\n</span>\n</button>"