"<button phx-value-is-selected=\"false\" class=\"flex p-2 bg-heles cursor-pointer transition items-center justify-between rounded-moon-i-sm gap-2 text-moon-14 w-full focus:outline-none focus:shadow-focus hover:bg-heles\" role=\"radio\">\n<span class=\"flex w-6 h-6 justify-center items-center\">\n<span class=\"relative block shadow-piccolo rounded-full w-4 h-4 shadow-[0_0_0_1px_inset]\">\n<span class=\"scale h-2 w-2 rounded-full absolute top-1/2 left-1/2 translate-x-[-50%] translate-y-[-50%] bg-piccolo transition-transform\"></span>\n</span>\n</span>\n</button>"