"<button phx-value-is-selected=\"true\" class=\"flex gap-2 justify-between items-center p-2 bg-transparent rounded-moon-i-sm text-moon-14 focus:outline-none focus:shadow-focus cursor-pointer hover:bg-heles transition w-full\">\n<span class=\"block grow text-start text-bulma overflow-hidden\">\nHere I am\n</span>\n</button>"